<html>
<body>
<pre>
<h1>礦ision Build Log</h1>
<h2>Tool Versions:</h2>
IDE-Version: μVision V5.14.0.0
Copyright (C) 2015 ARM Ltd and ARM Germany GmbH. All rights reserved.
License Information: Chekie Kaw, Harbin Institute of Technology, LIC=CRMNN-YAFXT-D25L7-EZMZ9-3FT8P-GBIZM
 
Tool Versions:
Toolchain:       MDK-ARM Professional  Version: 5.14.0.0
Toolchain Path:  C:\Keil_v5\ARM\ARMCC\Bin
C Compiler:      Armcc.exe V5.05 update 1 (build 106)
Assembler:       Armasm.exe V5.05 update 1 (build 106)
Linker/Locator:  ArmLink.exe V5.05 update 1 (build 106)
Library Manager: ArmAr.exe V5.05 update 1 (build 106)
Hex Converter:   FromElf.exe V5.05 update 1 (build 106)
CPU DLL:         SARMCM3.DLL V5.14.0.0
Dialog DLL:      DARMSTM.DLL V1.65.0.0
Target DLL:      Segger\JL2CM3.dll V2.99.13.0
Dialog DLL:      TARMSTM.DLL V1.64.0.0
 
<h2>Project:</h2>
D:\Documents\哈工大\无人机\HitLink\Demo_STM32F103C8t6\HitLink_Demo\Project\MDK-ARM\I2C_DEMO.uvprojx
Project File Date:  03/19/2018

<h2>Output:</h2>
Rebuild target 'I2C_DEMO'
assembling startup_stm32f10x_md.s...
compiling main.c...
..\..\HitLink\hitlink.h(42): warning:  #1-D: last line of file ends without a newline
        
..\..\HitLink\hitlink_attitute.h(40): warning:  #1-D: last line of file ends without a newline
  #endif
..\main.c: 2 warnings, 0 errors
compiling stm32f10x_it.c...
compiling misc.c...
compiling stm32f10x_adc.c...
compiling stm32f10x_bkp.c...
compiling stm32f10x_can.c...
compiling stm32f10x_cec.c...
compiling stm32f10x_crc.c...
compiling stm32f10x_dac.c...
compiling stm32f10x_dbgmcu.c...
compiling stm32f10x_dma.c...
compiling stm32f10x_exti.c...
compiling stm32f10x_flash.c...
compiling stm32f10x_fsmc.c...
compiling stm32f10x_gpio.c...
compiling stm32f10x_i2c.c...
compiling stm32f10x_iwdg.c...
compiling stm32f10x_pwr.c...
compiling stm32f10x_rcc.c...
compiling stm32f10x_rtc.c...
compiling stm32f10x_sdio.c...
compiling stm32f10x_spi.c...
compiling stm32f10x_tim.c...
compiling stm32f10x_usart.c...
compiling stm32f10x_wwdg.c...
compiling system_stm32f10x.c...
compiling led.c...
compiling systick.c...
compiling usart.c...
compiling i2c.c...
..\..\BSP\i2c.c(293): warning:  #223-D: function "memcmp" declared implicitly
                if(  memcmp(WriteBuffer,ReadBuffer,sizeof(WriteBuffer)) == 0 ) /* 匹配数据 */
..\..\BSP\i2c.c: 1 warning, 0 errors
compiling hitlink.c...
..\..\HitLink\hitlink.h(42): warning:  #1-D: last line of file ends without a newline
        
..\..\HitLink\hitlink.c: 1 warning, 0 errors
compiling protocol.c...
..\..\HitLink\hitlink.h(42): warning:  #1-D: last line of file ends without a newline
        
..\..\HitLink\hitlink_attitute.h(40): warning:  #1-D: last line of file ends without a newline
  #endif
..\..\HitLink\protocol.c(24): warning:  #550-D: variable "uint32_t_buf" was set but never used
        char uint32_t_buf[UINT32_SIZE];
..\..\HitLink\protocol.c(34): warning:  #550-D: variable "int_buf" was set but never used
        char int_buf[INT_SIZE];
..\..\HitLink\protocol.c: 4 warnings, 0 errors
compiling hitlink_heartbeat.c...
..\..\HitLink\hitlink.h(42): warning:  #1-D: last line of file ends without a newline
        
..\..\HitLink\hitlink_attitute.h(40): warning:  #1-D: last line of file ends without a newline
  #endif
..\..\HitLink\hitlink_heartbeat.c: 2 warnings, 0 errors
compiling hitlink_attitute.c...
..\..\HitLink\hitlink.h(42): warning:  #1-D: last line of file ends without a newline
        
..\..\HitLink\hitlink_attitute.h(40): warning:  #1-D: last line of file ends without a newline
  #endif
..\..\HitLink\hitlink_attitute.c: 2 warnings, 0 errors
linking...
Program Size: Code=4296 RO-data=268 RW-data=52 ZI-data=1548  
FromELF: creating hex file...
".\obj\Demo_hitlink.axf" - 0 Error(s), 12 Warning(s).

<h2>Software Packages used:</h2>

Package Vendor: ARM
                http://www.keil.com/pack/ARM.CMSIS.4.2.0.pack
                ARM::CMSIS:CORE:3.40.0
                CMSIS (Cortex Microcontroller Software Interface Standard)
   * Component: CORE Version: 3.40.0

<h2>Collection of Component include folders:</h2>
  D:\Documents\哈工大\无人机\HitLink\Demo_STM32F103C8t6\HitLink_Demo\Project\MDK-ARM\RTE
  C:\Keil_v5\ARM\PACK\ARM\CMSIS\4.2.0\CMSIS\Include
  C:\Keil_v5\ARM\PACK\Keil\STM32F1xx_DFP\1.0.5\Device\Include

<h2>Collection of Component Files used:</h2>

   * Component: ARM::CMSIS:CORE:3.40.0
      Source file:   CMSIS\UserCodeTemplates\ARM\ITM_Retarget.c
</pre>
</body>
</html>
